Scanned
Parsed
Fatal error: exception Exceptions.InvalidExpr("Illegal binary op")
