Scanned
Parsed
Fatal error: exception Exceptions.InvalidStructField
