Scanned
Parsed
Fatal error: exception Exceptions.InvalidArgumentsToFunction("houseget_volumne is supplied with wrong args")
