Scanned
Parsed
Fatal error: exception Exceptions.InvalidDereference
