Scanned
Parsed
Fatal error: exception Exceptions.InvalidHeaderFile("./nvlkj")
