Scanned
Parsed
Fatal error: exception Exceptions.IllegalAssignment
