Scanned
Parsed
Fatal error: exception Exceptions.UndeclaredVariable("main_var")
