Scanned
Parsed
Fatal error: exception Exceptions.InvalidPointerAccess
