Scanned
Parsed
Fatal error: exception Exceptions.MissingMainFunction
