Scanned
Parsed
Fatal error: exception Exceptions.InvalidReturnType("return type doesnt match with function definition")
