Scanned
Parsed
Fatal error: exception Exceptions.InvalidReturnType("Can't have any code after return statement")
