TEST RESULTS!
*************
sub results:
sub(10,5) == b - 5 passed!
sub(b,d) == 1 passed!
sub(c,d) == 4 passed!
*************
