TEST RESULTS!
*************
add results:
add(a,0) == 10 passed!
*************
