TEST RESULTS!
*************
update_rec results:
t->width == 30 passed!
t->height == 4239 passed!
*************
