Scanned
Parsed
Fatal error: exception Exceptions.UndeclaredVariable("phone")
